exports[`@font-face 1`] = `"{\"charset\":[],\"fontFace\":[{\"fontFamily\":\"\'Open Sans\'\",\"fontStyle\":\"normal\",\"fontWeight\":\"400\",\"src\":\"local(\'Open Sans\'),\\n         local(\'OpenSans\'),\\n         url(\\\"https://fonts.gstatic.com/s/...\\\")\"}],\"rule\":[],\"media\":[],\"keyframes\":[]}"`;

exports[`@keyframes 1`] = `"{\"charset\":[],\"fontFace\":[],\"rule\":[],\"media\":[],\"keyframes\":[[\"bounce\",{\"0%,50%\":{\"blah\":\".5\"},\"to\":{\"lol\":\"100vh\"}}]]}"`;

exports[`@media 1`] = `"{\"charset\":[],\"fontFace\":[],\"rule\":[],\"media\":[{\"@media(min-width: 100px; max-width: 1000px)\":{\".foo\":{\"bar\":\"88px\"}}}],\"keyframes\":[]}"`;

exports[`basic rules 1`] = `"{\"charset\":[],\"fontFace\":[],\"rule\":[{\".foo\":{\"width\":\"100%\"}}],\"media\":[],\"keyframes\":[]}"`;
